{
  "version": "2.0.0",
  "lastUpdated": "-",
  "repositories": {
    "github.com/acme/other": {
      "uri": "git@github.com:acme/other.git",
      "org": "acme",
      "repo": "other",
      "defaultBranch": "trunk",
      "worktrees": {
        "/w/other": {
          "path": "/w/other",
          "branch": "trunk",
          "type": "main",
          "hubPath": "/w/other",
          "createdAt": "2026-01-01T00:00:00Z",
          "lastAccessed": "2026-02-01T00:00:00Z"
        }
      },
      "hubs": [
        {
          "path": "/w/other",
          "mode": "local",
          "createdAt": "2026-01-01T00:00:00Z",
          "lastAccessed": "2026-02-01T00:00:00Z"
        }
      ],
      "globalHopspace": null
    },
    "github.com/work/remote": {
      "uri": "/w/remote.git",
      "org": "work",
      "repo": "remote",
      "defaultBranch": "main",
      "worktrees": {
        "/w/proj/hops/feat": {
          "path": "/w/proj/hops/feat",
          "branch": "feat",
          "type": "linked",
          "hubPath": "/w/proj",
          "createdAt": "2026-09-24T17:20:24.38469-04:00",
          "lastAccessed": "2026-09-24T17:20:24.38469-04:00"
        },
        "/w/proj2/hops/fix": {
          "path": "/w/proj2/hops/fix",
          "branch": "fix",
          "type": "linked",
          "hubPath": "/w/proj2",
          "createdAt": "2026-09-24T17:40:00-04:00",
          "lastAccessed": "2026-09-24T17:41:00-04:00"
        },
        "/w/proj2/hops/main": {
          "path": "/w/proj2/hops/main",
          "branch": "main",
          "type": "bare",
          "hubPath": "/w/proj2",
          "createdAt": "2026-09-24T17:33:24.5-04:00",
          "lastAccessed": "2026-09-24T17:33:24.5-04:00"
        }
      },
      "hubs": [
        {
          "path": "/w/proj",
          "mode": "local",
          "createdAt": "2026-09-24T17:20:23.699799-04:00",
          "lastAccessed": "2026-09-24T17:20:23.699799-04:00"
        },
        {
          "path": "/w/proj2",
          "mode": "global",
          "createdAt": "2026-09-24T17:33:24.5-04:00",
          "lastAccessed": "2026-09-24T17:33:24.5-04:00"
        }
      ],
      "globalHopspace": null
    }
  },
  "orphaned": [
    {
      "path": "/w/old",
      "detectedAt": "2026-03-01T00:00:00Z",
      "reason": "hub removed"
    }
  ]
}