Add a new worktree and environment

Usage:
  git-hop add [branch] [flags]

Aliases:
  add, create, new

Flags:
      --copy-ignored      copy git-ignored files from the source worktree into the new one (default true)
      --from string       start-point for the new branch (branch name, ref, SHA, or 'initial' for the root commit)
  -h, --help              help for add
      --no-copy-ignored   do not copy git-ignored files into the new worktree

Global Flags:
      --config string   config file (default is $XDG_CONFIG_HOME/git-hop/config.json)
      --dry-run         preview changes without applying
      --force           bypass safety checks
      --format string   Output format (csv, human, json, table, text, yaml) (default "table")
  -g, --global          use global hopspace in $GIT_HOP_DATA_HOME (default: local)
      --json            output in JSON format
      --no-color        Disable ANSI color
      --no-hints        Suppress next-step hints after command output
      --porcelain       machine-readable output
  -q, --quiet           Suppress non-essential output
  -V, --verbose count   Increase log verbosity (-V=debug, -VV=trace)
