Run diagnostics on git-hop installation and project setup.

Checks:
- Path configuration (data home, config home, cache home)
- Hub configuration and symlinks
- Hopspace existence and consistency
- Worktree state (orphaned directories)
- Orphaned worktrees in state

Use --fix to automatically repair issues.

Usage:
  git-hop doctor [flags]

Aliases:
  doctor, check, repair

Flags:
      --fix    Automatically fix issues
  -h, --help   help for doctor

Global Flags:
      --config string   config file (default is $XDG_CONFIG_HOME/git-hop/config.json)
      --dry-run         preview changes without applying
      --force           bypass safety checks
  -g, --global          use global hopspace in $GIT_HOP_DATA_HOME (default: local)
      --json            output in JSON format
      --porcelain       machine-readable output
  -q, --quiet           suppress output
  -v, --verbose         verbose output
