Run diagnostics on git-hop installation and project setup.

Checks:
- Path configuration (data home; the config and cache homes are
  optional until something is written there)
- Hub configuration and symlinks
- Hopspace existence and consistency
- Worktree state (orphaned directories)
- Orphaned worktrees in state
- The current hub's record in state: a hub with hop.json that state does
  not record, or records without some of its worktrees, is invisible to
  list, status --all and prune --all (--fix records it, merging with
  state and never overwriting an entry)
- --global hop.* keys the old global.json migration wrote but the user
  never set (--fix unsets them)
- Retired hop.* settings (hop.autoEnvStart, hop.bareRepo and the other
  settings git-hop no longer has) in --global or the current hub's
  config, whatever their value: never read; a warning (--fix unsets them)
- The current hub's repository format: extensions.worktreeConfig on at
  core.repositoryformatversion 0, which tools other than git may not
  honour; a warning (--fix sets version 1)

Use --fix to automatically repair issues. In the current hub, --fix also
drops hop.json branch entries whose worktree directory is gone (the rows
'git hop status' reports as Missing), backing hop.json up to the per-hub
repair state dir ($XDG_STATE_HOME/git-hop/repair/<hub>/backups/) first so
the change can be undone with 'git hop repair --undo'.

Combine --fix with --dry-run to preview every repair without applying any
of it: no directories created, no worktrees recreated, no dependencies
touched, no state or hop.json rewritten, and no backup snapshot taken.

Exit status, like git fsck: 0 when healthy or only warnings were found,
1 when an issue was reported and not fixed. With --fix, 0 only if every
issue was fixed; with --fix --dry-run, only if every issue would be.

Usage:
  git-hop doctor [flags]

Aliases:
  doctor, check

Flags:
      --fix    Automatically fix issues
  -h, --help   help for doctor

Global Flags:
      --config string   config file (default is $XDG_CONFIG_HOME/git-hop/config.json)
  -n, --dry-run         preview changes without applying
      --force           bypass safety checks
      --format string   Output format (csv, human, json, table, text, yaml) (default "table")
  -g, --global          use global hopspace in $GIT_HOP_DATA_HOME (default: local)
      --json            output in JSON format
      --no-color        Disable ANSI color
      --no-hints        Suppress next-step hints after command output
      --offline         Disable network access. Highest-precedence override: flips off per-command network opt-ins (peer discovery, sync, GitHub, push). Enforced beneath net/http and any client routed through netpolicy.GuardDial; loopback and diagnostics stay exempt.
      --porcelain       machine-readable output
  -q, --quiet           Suppress non-essential output
  -V, --verbose count   Increase log verbosity (-V=debug, -VV=trace)
