Remove a hub, hopspace, or branch

Usage:
  git-hop remove [target] [flags]

Aliases:
  remove, rm, delete, del

Flags:
      --delete-remote   Also delete the branch on origin; without it removal stays local and never contacts the network
  -h, --help            help for remove
      --merged          Remove all worktrees whose branch is merged into the default branch (skips the default branch itself and the active worktree)
      --no-prompt       Skip the confirmation prompt only; does NOT bypass the safety gate
      --no-verify       Allow removal of dirty worktrees or unpushed commits (gate bypass)

Global Flags:
      --config string   config file (default is $XDG_CONFIG_HOME/git-hop/config.json)
      --dry-run         preview changes without applying
      --force           bypass safety checks
      --format string   Output format (csv, human, json, table, text, yaml) (default "table")
  -g, --global          use global hopspace in $GIT_HOP_DATA_HOME (default: local)
      --json            output in JSON format
      --no-color        Disable ANSI color
      --no-hints        Suppress next-step hints after command output
      --porcelain       machine-readable output
  -q, --quiet           Suppress non-essential output
  -V, --verbose count   Increase log verbosity (-V=debug, -VV=trace)
