Running git-hop diagnostics...

=== Checking Paths ===
Data home:   $TMPDIR/data
Config home: $TMPDIR/custom-config
Cache home:  $TMPDIR/Library/Caches

=== Checking Hub ===
Not in a hub. Skipping hub-specific checks.

=== Checking Dependencies ===
Not in a hub. Skipping dependency checks.

=== Checking Worktree State ===
Not in a hub. Skipping worktree state checks.

=== Checking State ===
No repositories in state. Skipping state checks.

=== Summary ===
Issues found. Run 'git hop doctor --fix' to automatically repair them.
error: data directory does not exist: $TMPDIR/data/git-hop
error: config directory does not exist: $TMPDIR/custom-config/git-hop
error: cache directory does not exist: $TMPDIR/Library/Caches/git-hop
